
Memory Configuration

Name             Origin             Length             Attributes
sram             0x1fff8000         0x00010000         w !xr
flash            0x00000000         0x00040000         xr
*default*        0x00000000         0xffffffff

Linker script and memory map

LOAD uart.o
LOAD sysinit.o
LOAD crt0.o
                0x00002004                TOTAL_RESERVED_STACK = 0x2004
                0x20008000                _top_stack = 0x20008000
                0x00000000                TOTAL_RESERVED_HEAP = 0x0

.text           0x00000000      0xa28
 CREATE_OBJECT_SYMBOLS
                0x00000000                __interrupt_vector_table = .
 *(.interrupt_vector_table)
 .interrupt_vector_table
                0x00000000      0x410 crt0.o
 *(.startup)
 .startup       0x00000410       0xac crt0.o
                0x00000410                _startup
                0x00000410                Reset_Handler
                0x00000484                NMI_Handler
                0x00000486                HardFault_Handler
                0x00000488                MemManage_Handler
                0x0000048a                BusFault_Handler
                0x0000048c                UsageFault_Handler
                0x0000048e                SVC_Handler
                0x00000490                DebugMon_Handler
                0x00000492                PendSV_Handler
                0x00000494                SysTick_Handler
                0x00000496                DMA2_IRQHandler
                0x00000496                Reserved59_IRQHandler
                0x00000496                UART0Error_IRQHandler
                0x00000496                PIT0_IRQHandler
                0x00000496                Reserved68_IRQHandler
                0x00000496                Watchdog_IRQHandler
                0x00000496                CMP2_IRQHandler
                0x00000496                Reserved92_IRQHandler
                0x00000496                UART2_RX_TX_IRQHandler
                0x00000496                SWI_IRQHandler
                0x00000496                ADC0_IRQHandler
                0x00000496                Reserved39_IRQHandler
                0x00000496                I2C1_IRQHandler
                0x00000496                I2S0_Tx_IRQHandler
                0x00000496                CMT_IRQHandler
                0x00000496                Reserved57_IRQHandler
                0x00000496                SPI1_IRQHandler
                0x00000496                DefaultISR
                0x00000496                DMA9_IRQHandler
                0x00000496                Reserved58_IRQHandler
                0x00000496                DMA14_IRQHandler
                0x00000496                CMP1_IRQHandler
                0x00000496                Reserved71_IRQHandler
                0x00000496                PORTD_IRQHandler
                0x00000496                Reserved69_IRQHandler
                0x00000496                PORTB_IRQHandler
                0x00000496                UART0_RX_TX_IRQHandler
                0x00000496                Reserved70_IRQHandler
                0x00000496                ADC1_IRQHandler
                0x00000496                TSI_IRQHandler
                0x00000496                PIT2_IRQHandler
                0x00000496                I2S0_Rx_IRQHandler
                0x00000496                LPTimer_IRQHandler
                0x00000496                Reserved53_IRQHandler
                0x00000496                DMA5_IRQHandler
                0x00000496                RTC_IRQHandler
                0x00000496                PDB0_IRQHandler
                0x00000496                I2C0_IRQHandler
                0x00000496                FTM1_IRQHandler
                0x00000496                CAN0Xmit_IRQHandler
                0x00000496                Reserved95_IRQHandler
                0x00000496                PIT3_IRQHandler
                0x00000496                UART1Error_IRQHandler
                0x00000496                MCG_IRQHandler
                0x00000496                Reserved108_IRQHandler
                0x00000496                Reserved72_IRQHandler
                0x00000496                Reserved55_IRQHandler
                0x00000496                DMA11_IRQHandler
                0x00000496                Reserved98_IRQHandler
                0x00000496                DMA7_IRQHandler
                0x00000496                Reserved102_IRQHandler
                0x00000496                CAN0Rcv_IRQHandler
                0x00000496                CAN0BusOff_IRQHandler
                0x00000496                USBCharge_IRQHandler
                0x00000496                LLW_IRQHandler
                0x00000496                Reserved54_IRQHandler
                0x00000496                Reserved33_IRQHandler
                0x00000496                CAN0Error_IRQHandler
                0x00000496                RTCSeconds_IRQHandler
                0x00000496                Reserved109_IRQHandler
                0x00000496                DMA13_IRQHandler
                0x00000496                USBOTG_IRQHandler
                0x00000496                DMA3_IRQHandler
                0x00000496                UART0_LON_IRQHandler
                0x00000496                DMA0_IRQHandler
                0x00000496                Reserved91_IRQHandler
                0x00000496                DMA15_IRQHandler
                0x00000496                DAC0_IRQHandler
                0x00000496                UART2Error_IRQHandler
                0x00000496                Reserved94_IRQHandler
                0x00000496                DMA4_IRQHandler
                0x00000496                PIT1_IRQHandler
                0x00000496                CAN0Wake_IRQHandler
                0x00000496                DMA_Error_IRQHandler
                0x00000496                LVD_LVW_IRQHandler
                0x00000496                SPI0_IRQHandler
                0x00000496                FTM0_IRQHandler
                0x00000496                PORTA_IRQHandler
                0x00000496                FlashCmd_IRQHandler
                0x00000496                DMA12_IRQHandler
                0x00000496                Reserved44_IRQHandler
                0x00000496                PORTE_IRQHandler
                0x00000496                FTM2_IRQHandler
                0x00000496                Reserved56_IRQHandler
                0x00000496                Reserved96_IRQHandler
                0x00000496                DMA8_IRQHandler
                0x00000496                Reserved93_IRQHandler
                0x00000496                CAN0Msg_IRQHandler
                0x00000496                DMA10_IRQHandler
                0x00000496                UART1_RX_TX_IRQHandler
                0x00000496                FlashReadErr_IRQHandler
                0x00000496                CMP0_IRQHandler
                0x00000496                PORTC_IRQHandler
                0x00000496                DMA6_IRQHandler
                0x00000496                DMA1_IRQHandler
                0x00000496                Reserved67_IRQHandler
 *(.text)
 .text          0x000004bc      0x12c uart.o
                0x000004bc                gpio_init
                0x00000508                uart_init
                0x0000057c                uart_send_byte
                0x000005ac                main
 .text          0x000005e8      0x440 sysinit.o
                0x000005e8                start
                0x000005f6                sysinit
                0x000006d0                pll_init
                0x000009f8                wdog_disable
 .text          0x00000a28        0x0 crt0.o
 *(.text.*)
 *(.glue_7)
 .glue_7        0x00000a28        0x0 linker stubs
 *(.glue_7t)
 .glue_7t       0x00000a28        0x0 linker stubs
                0x00000a28                . = ALIGN (0x4)
 *(.rodata)
 *(.rodata*)
 *(.init)
 *(.fini)
                0x00000a28                . = ALIGN (0x4)
                0x00000a28                _end_data_flash = .

.vfp11_veneer   0x00000a28        0x0
 .vfp11_veneer  0x00000a28        0x0 linker stubs

.v4_bx          0x00000a28        0x0
 .v4_bx         0x00000a28        0x0 linker stubs

.iplt           0x00000a28        0x0
 .iplt          0x00000a28        0x0 uart.o

.rel.dyn        0x00000a28        0x0
 .rel.iplt      0x00000a28        0x0 uart.o

.RAMVectorTable
 *(.RAMVectorTable)
                0x00000a28                . = ALIGN (0x4)
                [!provide]                PROVIDE (__exidx_start, .)

.ARM.exidx
 *(.ARM.exidx* .gnu.linkonce.armexidx.*)
                [!provide]                PROVIDE (__exidx_end, .)

.data           0x1fff8000        0x0 load address 0x00000a28
                0x00000a28                _start_data_flash = LOADADDR (.data)
                0x1fff8000                _start_data = .
 *(.data)
 .data          0x1fff8000        0x0 uart.o
 .data          0x1fff8000        0x0 sysinit.o
 .data          0x1fff8000        0x0 crt0.o
 *(.data.*)
 *(.shdata)
                0x1fff8000                _end_data = .

.igot.plt       0x1fff8000        0x0 load address 0x00000a28
 .igot.plt      0x1fff8000        0x0 uart.o
                0x1fff8000                . = ALIGN (0x4)
                0x00000000                _data_size = (_end_data - _start_data)

.noinit
 *(.noinit)
 *(.noinit.*)
                0x1fff8000                _start_bss = .

.bss            0x1fff8000       0x10 load address 0x00000a28
 *(.bss)
 .bss           0x1fff8000        0x0 uart.o
 .bss           0x1fff8000       0x10 sysinit.o
                0x1fff8000                mcg_clk_hz
                0x1fff8004                mcg_clk_khz
                0x1fff8008                core_clk_khz
                0x1fff800c                periph_clk_khz
 .bss           0x1fff8010        0x0 crt0.o
 *(.bss.*)
 *(COMMON)
                0x1fff8010                . = ALIGN (0x4)
                0x1fff8010                PROVIDE (_end_bss, .)
                0x00000010                bss_size = (_end_bss - _start_bss)
                0x20005ffc                _start_stack = (_top_stack - TOTAL_RESERVED_STACK)
                [0x20008000]                _top_stack = _top_stack

/DISCARD/
 *(.eh_*)
                0x1fff8010                _end = .
                [!provide]                PROVIDE (end, .)
OUTPUT(uart.elf elf32-littlearm)

.debug_info     0x00000000      0xc52
 .debug_info    0x00000000      0x653 uart.o
 .debug_info    0x00000653      0x5ff sysinit.o

.debug_abbrev   0x00000000      0x2ef
 .debug_abbrev  0x00000000      0x170 uart.o
 .debug_abbrev  0x00000170      0x17f sysinit.o

.debug_aranges  0x00000000       0x40
 .debug_aranges
                0x00000000       0x20 uart.o
 .debug_aranges
                0x00000020       0x20 sysinit.o

.debug_line     0x00000000      0x32e
 .debug_line    0x00000000      0x118 uart.o
 .debug_line    0x00000118      0x216 sysinit.o

.debug_str      0x00000000      0x4e4
 .debug_str     0x00000000      0x359 uart.o
                                0x3ac (size before relaxing)
 .debug_str     0x00000359      0x18b sysinit.o
                                0x3f3 (size before relaxing)

.comment        0x00000000       0x7e
 .comment       0x00000000       0x7e uart.o
                                 0x7f (size before relaxing)
 .comment       0x0000007e       0x7f sysinit.o

.ARM.attributes
                0x00000000       0x31
 .ARM.attributes
                0x00000000       0x33 uart.o
 .ARM.attributes
                0x00000033       0x33 sysinit.o
 .ARM.attributes
                0x00000066       0x21 crt0.o

.debug_frame    0x00000000      0x130
 .debug_frame   0x00000000       0xa0 uart.o
 .debug_frame   0x000000a0       0x90 sysinit.o

Cross Reference Table

Symbol                                            File
ADC0_IRQHandler                                   crt0.o
ADC1_IRQHandler                                   crt0.o
BusFault_Handler                                  crt0.o
CAN0BusOff_IRQHandler                             crt0.o
CAN0Error_IRQHandler                              crt0.o
CAN0Msg_IRQHandler                                crt0.o
CAN0Rcv_IRQHandler                                crt0.o
CAN0Wake_IRQHandler                               crt0.o
CAN0Xmit_IRQHandler                               crt0.o
CMP0_IRQHandler                                   crt0.o
CMP1_IRQHandler                                   crt0.o
CMP2_IRQHandler                                   crt0.o
CMT_IRQHandler                                    crt0.o
DAC0_IRQHandler                                   crt0.o
DMA0_IRQHandler                                   crt0.o
DMA10_IRQHandler                                  crt0.o
DMA11_IRQHandler                                  crt0.o
DMA12_IRQHandler                                  crt0.o
DMA13_IRQHandler                                  crt0.o
DMA14_IRQHandler                                  crt0.o
DMA15_IRQHandler                                  crt0.o
DMA1_IRQHandler                                   crt0.o
DMA2_IRQHandler                                   crt0.o
DMA3_IRQHandler                                   crt0.o
DMA4_IRQHandler                                   crt0.o
DMA5_IRQHandler                                   crt0.o
DMA6_IRQHandler                                   crt0.o
DMA7_IRQHandler                                   crt0.o
DMA8_IRQHandler                                   crt0.o
DMA9_IRQHandler                                   crt0.o
DMA_Error_IRQHandler                              crt0.o
DebugMon_Handler                                  crt0.o
DefaultISR                                        crt0.o
FTM0_IRQHandler                                   crt0.o
FTM1_IRQHandler                                   crt0.o
FTM2_IRQHandler                                   crt0.o
FlashCmd_IRQHandler                               crt0.o
FlashReadErr_IRQHandler                           crt0.o
HardFault_Handler                                 crt0.o
I2C0_IRQHandler                                   crt0.o
I2C1_IRQHandler                                   crt0.o
I2S0_Rx_IRQHandler                                crt0.o
I2S0_Tx_IRQHandler                                crt0.o
LLW_IRQHandler                                    crt0.o
LPTimer_IRQHandler                                crt0.o
LVD_LVW_IRQHandler                                crt0.o
MCG_IRQHandler                                    crt0.o
MemManage_Handler                                 crt0.o
NMI_Handler                                       crt0.o
PDB0_IRQHandler                                   crt0.o
PIT0_IRQHandler                                   crt0.o
PIT1_IRQHandler                                   crt0.o
PIT2_IRQHandler                                   crt0.o
PIT3_IRQHandler                                   crt0.o
PORTA_IRQHandler                                  crt0.o
PORTB_IRQHandler                                  crt0.o
PORTC_IRQHandler                                  crt0.o
PORTD_IRQHandler                                  crt0.o
PORTE_IRQHandler                                  crt0.o
PendSV_Handler                                    crt0.o
RTCSeconds_IRQHandler                             crt0.o
RTC_IRQHandler                                    crt0.o
Reserved102_IRQHandler                            crt0.o
Reserved108_IRQHandler                            crt0.o
Reserved109_IRQHandler                            crt0.o
Reserved33_IRQHandler                             crt0.o
Reserved39_IRQHandler                             crt0.o
Reserved44_IRQHandler                             crt0.o
Reserved53_IRQHandler                             crt0.o
Reserved54_IRQHandler                             crt0.o
Reserved55_IRQHandler                             crt0.o
Reserved56_IRQHandler                             crt0.o
Reserved57_IRQHandler                             crt0.o
Reserved58_IRQHandler                             crt0.o
Reserved59_IRQHandler                             crt0.o
Reserved67_IRQHandler                             crt0.o
Reserved68_IRQHandler                             crt0.o
Reserved69_IRQHandler                             crt0.o
Reserved70_IRQHandler                             crt0.o
Reserved71_IRQHandler                             crt0.o
Reserved72_IRQHandler                             crt0.o
Reserved91_IRQHandler                             crt0.o
Reserved92_IRQHandler                             crt0.o
Reserved93_IRQHandler                             crt0.o
Reserved94_IRQHandler                             crt0.o
Reserved95_IRQHandler                             crt0.o
Reserved96_IRQHandler                             crt0.o
Reserved98_IRQHandler                             crt0.o
Reset_Handler                                     crt0.o
SPI0_IRQHandler                                   crt0.o
SPI1_IRQHandler                                   crt0.o
SVC_Handler                                       crt0.o
SWI_IRQHandler                                    crt0.o
SysTick_Handler                                   crt0.o
TSI_IRQHandler                                    crt0.o
UART0Error_IRQHandler                             crt0.o
UART0_LON_IRQHandler                              crt0.o
UART0_RX_TX_IRQHandler                            crt0.o
UART1Error_IRQHandler                             crt0.o
UART1_RX_TX_IRQHandler                            crt0.o
UART2Error_IRQHandler                             crt0.o
UART2_RX_TX_IRQHandler                            crt0.o
USBCharge_IRQHandler                              crt0.o
USBOTG_IRQHandler                                 crt0.o
UsageFault_Handler                                crt0.o
Watchdog_IRQHandler                               crt0.o
__interrupt_vector_table                          crt0.o
_data_size                                        crt0.o
_end_bss                                          crt0.o
_start_bss                                        crt0.o
_start_data                                       crt0.o
_start_data_flash                                 crt0.o
_startup                                          crt0.o
_top_stack                                        crt0.o
core_clk_khz                                      sysinit.o
gpio_init                                         uart.o
main                                              uart.o
                                                  sysinit.o
mcg_clk_hz                                        sysinit.o
                                                  uart.o
mcg_clk_khz                                       sysinit.o
periph_clk_khz                                    sysinit.o
pll_init                                          sysinit.o
start                                             sysinit.o
                                                  crt0.o
sysinit                                           sysinit.o
uart_init                                         uart.o
uart_send_byte                                    uart.o
wdog_disable                                      sysinit.o
                                                  crt0.o
